// Jest Snapshot v1, https://goo.gl/fbAQLP

exports[`Modal tests Modai is render 1`] = `
<DocumentFragment>
  <div
    class="bg"
  />
  <div
    class="modal"
  >
    <div
      class="modal_header"
    >
      <div
        class="modal_close"
      >
        <svg>
          close.svg
        </svg>
      </div>
    </div>
    <div
      class="modal_body"
    >
      <p>
        Text modal
      </p>
      <div
        class="modal_footer"
      />
    </div>
  </div>
</DocumentFragment>
`;
